// Jest Snapshot v1, https://goo.gl/fbAQLP

exports[`UserInfo.vue render 1`] = `
<div
  class="user-view"
>
  <div
    class="background"
  />
   
  <router-link-stub
    to="/profile"
  >
    <div
      class="avatar circle"
    />
  </router-link-stub>
   
  <router-link-stub
    to="/profile"
  >
    <span
      class="black-text name"
    >
      Testov Test Testovich
    </span>
  </router-link-stub>
   
  <router-link-stub
    to="/profile"
  >
    <span
      class="black-text email"
    >
      test@test.ru
    </span>
  </router-link-stub>
   
  <logout-button-stub />
</div>
`;
